2026-04-28 11:22:50,700 INFO o.a.j.u.JMeterUtils: Setting Locale to en_EN
2026-04-28 11:22:50,743 INFO o.a.j.JMeter: Loading user properties from: /usr/local/Cellar/jmeter/5.6.3/libexec/bin/user.properties
2026-04-28 11:22:50,744 INFO o.a.j.JMeter: Loading system properties from: /usr/local/Cellar/jmeter/5.6.3/libexec/bin/system.properties
2026-04-28 11:22:50,752 INFO o.a.j.JMeter: Copyright (c) 1998-2024 The Apache Software Foundation
2026-04-28 11:22:50,753 INFO o.a.j.JMeter: Version 5.6.3
2026-04-28 11:22:50,753 INFO o.a.j.JMeter: java.version=21.0.11
2026-04-28 11:22:50,753 INFO o.a.j.JMeter: java.vm.name=OpenJDK 64-Bit Server VM
2026-04-28 11:22:50,753 INFO o.a.j.JMeter: os.name=Mac OS X
2026-04-28 11:22:50,753 INFO o.a.j.JMeter: os.arch=x86_64
2026-04-28 11:22:50,753 INFO o.a.j.JMeter: os.version=15.7.3
2026-04-28 11:22:50,753 INFO o.a.j.JMeter: file.encoding=UTF-8
2026-04-28 11:22:50,754 INFO o.a.j.JMeter: java.awt.headless=true
2026-04-28 11:22:50,754 INFO o.a.j.JMeter: Max memory     =1073741824
2026-04-28 11:22:50,754 INFO o.a.j.JMeter: Available Processors =12
2026-04-28 11:22:50,773 INFO o.a.j.JMeter: Default Locale=English (EN)
2026-04-28 11:22:50,773 INFO o.a.j.JMeter: JMeter  Locale=English (EN)
2026-04-28 11:22:50,774 INFO o.a.j.JMeter: JMeterHome=/usr/local/Cellar/jmeter/5.6.3/libexec
2026-04-28 11:22:50,774 INFO o.a.j.JMeter: user.dir  =/Users/nandapascua/tutorial-7
2026-04-28 11:22:50,774 INFO o.a.j.JMeter: PWD       =/Users/nandapascua/tutorial-7
2026-04-28 11:22:50,776 INFO o.a.j.JMeter: IP: 127.0.0.1 Name: Aryandanas-MacBook-Pro-3.local FullName: localhost
2026-04-28 11:22:50,801 INFO o.a.j.s.FileServer: Default base='/Users/nandapascua/tutorial-7'
2026-04-28 11:22:50,804 INFO o.a.j.s.FileServer: Set new base='/Users/nandapascua/tutorial-7'
2026-04-28 11:22:51,075 INFO o.a.j.s.SaveService: Testplan (JMX) version: 2.2. Testlog (JTL) version: 2.2
2026-04-28 11:22:51,120 INFO o.a.j.s.SaveService: Using SaveService properties version 5.0
2026-04-28 11:22:51,125 INFO o.a.j.s.SaveService: Using SaveService properties file encoding UTF-8
2026-04-28 11:22:51,130 INFO o.a.j.s.SaveService: Loading file: test_run_all.jmx
2026-04-28 11:22:51,210 INFO o.a.j.p.h.s.HTTPSamplerBase: Parser for text/html is org.apache.jmeter.protocol.http.parser.LagartoBasedHtmlParser
2026-04-28 11:22:51,210 INFO o.a.j.p.h.s.HTTPSamplerBase: Parser for application/xhtml+xml is org.apache.jmeter.protocol.http.parser.LagartoBasedHtmlParser
2026-04-28 11:22:51,210 INFO o.a.j.p.h.s.HTTPSamplerBase: Parser for application/xml is org.apache.jmeter.protocol.http.parser.LagartoBasedHtmlParser
2026-04-28 11:22:51,211 INFO o.a.j.p.h.s.HTTPSamplerBase: Parser for text/xml is org.apache.jmeter.protocol.http.parser.LagartoBasedHtmlParser
2026-04-28 11:22:51,211 INFO o.a.j.p.h.s.HTTPSamplerBase: Parser for text/vnd.wap.wml is org.apache.jmeter.protocol.http.parser.RegexpHTMLParser
2026-04-28 11:22:51,211 INFO o.a.j.p.h.s.HTTPSamplerBase: Parser for text/css is org.apache.jmeter.protocol.http.parser.CssParser
2026-04-28 11:22:51,265 INFO o.a.j.JMeter: Creating summariser <summary>
2026-04-28 11:22:51,285 INFO o.a.j.e.StandardJMeterEngine: Running the test!
2026-04-28 11:22:51,286 INFO o.a.j.s.SampleEvent: List of sample_variables: []
2026-04-28 11:22:51,286 INFO o.a.j.s.SampleEvent: List of sample_variables: []
2026-04-28 11:22:51,292 INFO o.a.j.e.u.CompoundVariable: Note: Function class names must contain the string: '.functions.'
2026-04-28 11:22:51,292 INFO o.a.j.e.u.CompoundVariable: Note: Function class names must not contain the string: '.gui.'
2026-04-28 11:22:51,388 INFO o.a.j.r.ClassFinder: Will scan jar /usr/local/Cellar/jmeter/5.6.3/libexec/lib/ext/jmeter-plugins-manager-1.9.jar with filter ExtendsClassFilter [parents=[interface org.apache.jmeter.functions.Function], inner=false, contains=null, notContains=null]. Consider exposing JMeter plugins via META-INF/services, and add JMeter-Skip-Class-Scanning=true manifest attribute so JMeter can skip classfile scanning
2026-04-28 11:22:51,533 INFO o.a.j.JMeter: Running test (1777350171533)
2026-04-28 11:22:51,557 INFO o.a.j.e.StandardJMeterEngine: Starting ThreadGroup: 1 : Thread Group
2026-04-28 11:22:51,557 INFO o.a.j.e.StandardJMeterEngine: Starting 10 threads for group Thread Group.
2026-04-28 11:22:51,557 INFO o.a.j.e.StandardJMeterEngine: Thread will continue on error
2026-04-28 11:22:51,558 INFO o.a.j.t.ThreadGroup: Starting thread group... number=1 threads=10 ramp-up=1 delayedStart=false
2026-04-28 11:22:51,567 INFO o.a.j.t.JMeterThread: Thread started: Thread Group 1-1
2026-04-28 11:22:51,569 INFO o.a.j.t.ThreadGroup: Started thread group number 1
2026-04-28 11:22:51,569 INFO o.a.j.e.StandardJMeterEngine: All thread groups have been started
2026-04-28 11:22:51,596 INFO o.a.j.p.h.s.HTTPHCAbstractImpl: Local host = Aryandanas-MacBook-Pro-3.local
2026-04-28 11:22:51,606 INFO o.a.j.p.h.s.HTTPHC4Impl: HTTP request retry count = 0
2026-04-28 11:22:51,608 INFO o.a.j.s.SampleResult: Note: Sample TimeStamps are START times
2026-04-28 11:22:51,608 INFO o.a.j.s.SampleResult: sampleresult.default.encoding is set to UTF-8
2026-04-28 11:22:51,608 INFO o.a.j.s.SampleResult: sampleresult.useNanoTime=true
2026-04-28 11:22:51,608 INFO o.a.j.s.SampleResult: sampleresult.nanoThreadSleep=5000
2026-04-28 11:22:51,662 INFO o.a.j.t.JMeterThread: Thread started: Thread Group 1-2
2026-04-28 11:22:51,764 INFO o.a.j.t.JMeterThread: Thread started: Thread Group 1-3
2026-04-28 11:22:51,865 INFO o.a.j.t.JMeterThread: Thread started: Thread Group 1-4
2026-04-28 11:22:51,963 INFO o.a.j.t.JMeterThread: Thread started: Thread Group 1-5
2026-04-28 11:22:52,063 INFO o.a.j.t.JMeterThread: Thread started: Thread Group 1-6
2026-04-28 11:22:52,164 INFO o.a.j.t.JMeterThread: Thread started: Thread Group 1-7
2026-04-28 11:22:52,259 INFO o.a.j.t.JMeterThread: Thread started: Thread Group 1-8
2026-04-28 11:22:52,364 INFO o.a.j.t.JMeterThread: Thread started: Thread Group 1-9
2026-04-28 11:22:52,462 INFO o.a.j.t.JMeterThread: Thread started: Thread Group 1-10
2026-04-28 11:22:52,722 INFO o.a.j.t.JMeterThread: Thread is done: Thread Group 1-4
2026-04-28 11:22:52,722 INFO o.a.j.t.JMeterThread: Thread is done: Thread Group 1-1
2026-04-28 11:22:52,722 INFO o.a.j.t.JMeterThread: Thread finished: Thread Group 1-4
2026-04-28 11:22:52,722 INFO o.a.j.t.JMeterThread: Thread is done: Thread Group 1-5
2026-04-28 11:22:52,722 INFO o.a.j.t.JMeterThread: Thread finished: Thread Group 1-1
2026-04-28 11:22:52,722 INFO o.a.j.t.JMeterThread: Thread finished: Thread Group 1-5
2026-04-28 11:22:52,722 INFO o.a.j.t.JMeterThread: Thread is done: Thread Group 1-3
2026-04-28 11:22:52,723 INFO o.a.j.t.JMeterThread: Thread finished: Thread Group 1-3
2026-04-28 11:22:52,726 INFO o.a.j.t.JMeterThread: Thread is done: Thread Group 1-2
2026-04-28 11:22:52,726 INFO o.a.j.t.JMeterThread: Thread finished: Thread Group 1-2
2026-04-28 11:22:52,740 INFO o.a.j.t.JMeterThread: Thread is done: Thread Group 1-6
2026-04-28 11:22:52,740 INFO o.a.j.t.JMeterThread: Thread finished: Thread Group 1-6
2026-04-28 11:22:52,827 INFO o.a.j.t.JMeterThread: Thread is done: Thread Group 1-7
2026-04-28 11:22:52,827 INFO o.a.j.t.JMeterThread: Thread finished: Thread Group 1-7
2026-04-28 11:22:52,870 INFO o.a.j.t.JMeterThread: Thread is done: Thread Group 1-8
2026-04-28 11:22:52,870 INFO o.a.j.t.JMeterThread: Thread finished: Thread Group 1-8
2026-04-28 11:22:52,902 INFO o.a.j.t.JMeterThread: Thread is done: Thread Group 1-9
2026-04-28 11:22:52,902 INFO o.a.j.t.JMeterThread: Thread finished: Thread Group 1-9
2026-04-28 11:22:52,951 INFO o.a.j.t.JMeterThread: Thread is done: Thread Group 1-10
2026-04-28 11:22:52,951 INFO o.a.j.t.JMeterThread: Thread finished: Thread Group 1-10
2026-04-28 11:22:52,951 INFO o.a.j.e.StandardJMeterEngine: Notifying test listeners of end of test
2026-04-28 11:22:52,953 INFO o.a.j.r.Summariser: summary =     30 in 00:00:01 =   21.1/s Avg:   251 Min:     7 Max:   988 Err:     0 (0.00%)
